[odysseyselfbot.xyz/index.html]
[backblue.gif]
[fade.gif]
[index.html]
[odysseyselfbot.xyz/assets/img/OD128.png]
[odysseyselfbot.xyz/assets/bootstrap/css/bootstrap.min.css]
[odysseyselfbot.xyz/assets/fonts/fontawesome-all.min.css]
[odysseyselfbot.xyz/assets/fonts/font-awesome.min.css]
[odysseyselfbot.xyz/assets/fonts/fontawesome5-overrides.min.css]
[odysseyselfbot.xyz/assets/css/Bold-BS4-Pricing-Table-Style-55-1.css]
[odysseyselfbot.xyz/assets/css/Bold-BS4-Pricing-Table-Style-55-2.css]
[odysseyselfbot.xyz/assets/css/Bold-BS4-Pricing-Table-Style-55-3.css]
[odysseyselfbot.xyz/assets/css/Bold-BS4-Pricing-Table-Style-55.css]
[odysseyselfbot.xyz/assets/css/footer.css]
[cdn.sellix.io/static/css/embed.css]
[cdnjs.cloudflare.com/ajax/libs/aos/2.3.4/aos.css]
[cdnjs.cloudflare.com/ajax/libs/magnific-popup.js/1.1.0/magnific-popup.min.css]
[odysseyselfbot.xyz/assets/css/ml-video-1.css]
[odysseyselfbot.xyz/assets/css/ml-video.css]
[odysseyselfbot.xyz/assets/css/sellix-embed.css]
[odysseyselfbot.xyz/assets/img/bluegradient.png]
[odysseyselfbot.xyz/cdn-cgi/l/email-protection.html]
[odysseyselfbot.xyz/cdn-cgi/scripts/5c5dd728/cloudflare-static/email-decode.min.js]
[odysseyselfbot.xyz/assets/js/jquery.min.js]
[odysseyselfbot.xyz/assets/bootstrap/js/bootstrap.min.js]
[odysseyselfbot.xyz/assets/js/bs-init.js]
[cdnjs.cloudflare.com/ajax/libs/aos/2.3.4/aos.js]
[cdnjs.cloudflare.com/ajax/libs/jquery-easing/1.4.1/jquery.easing.min.js]
[cdnjs.cloudflare.com/ajax/libs/magnific-popup.js/1.1.0/jquery.magnific-popup.min.js]
[odysseyselfbot.xyz/assets/js/odyssey.js]
[odysseyselfbot.xyz/assets/js/embed.js]
[cdn.sellix.io/static/js/embed.js]
[odysseyselfbot.xyz/index.html]
[odysseyselfbot.xyz/assets/js/ml-video.js]
[odysseyselfbot.xyz/assets/bootstrap/css/bootstrap.min.css]
[odysseyselfbot.xyz/assets/fonts/fa-brands-400.eot]
[odysseyselfbot.xyz/assets/fonts/fa-brands-400d41d.eot]
[odysseyselfbot.xyz/assets/fonts/fa-brands-400.woff2]
[odysseyselfbot.xyz/assets/fonts/fa-brands-400.woff]
[odysseyselfbot.xyz/assets/fonts/fa-brands-400.ttf]
[odysseyselfbot.xyz/assets/fonts/fa-brands-400.svg]
[odysseyselfbot.xyz/assets/fonts/fa-regular-400.eot]
[odysseyselfbot.xyz/assets/fonts/fa-regular-400d41d.eot]
[odysseyselfbot.xyz/assets/fonts/fa-regular-400.woff2]
[odysseyselfbot.xyz/assets/fonts/fa-regular-400.woff]
[odysseyselfbot.xyz/assets/fonts/fa-regular-400.ttf]
[odysseyselfbot.xyz/assets/fonts/fa-regular-400.svg]
[odysseyselfbot.xyz/assets/fonts/fa-solid-900.eot]
[odysseyselfbot.xyz/assets/fonts/fa-solid-900.woff2]
[odysseyselfbot.xyz/assets/fonts/fa-solid-900d41d.eot]
[odysseyselfbot.xyz/assets/fonts/fa-solid-900.woff]
[odysseyselfbot.xyz/assets/fonts/fontawesome-all.min.css]
[odysseyselfbot.xyz/assets/fonts/fa-solid-900.svg]
[odysseyselfbot.xyz/assets/fonts/fa-solid-900.ttf]
[odysseyselfbot.xyz/assets/fonts/fontawesome-webfont3e6e.eot]
[odysseyselfbot.xyz/assets/fonts/fontawesome-webfontd41d.eot]
[odysseyselfbot.xyz/assets/fonts/fontawesome-webfont3e6e.woff2]
[odysseyselfbot.xyz/assets/fonts/fontawesome-webfont3e6e.woff]
[odysseyselfbot.xyz/assets/fonts/fontawesome-webfont3e6e.ttf]
[odysseyselfbot.xyz/assets/fonts/font-awesome.min.css]
[odysseyselfbot.xyz/assets/fonts/fontawesome5-overrides.min.css]
[odysseyselfbot.xyz/assets/css/Bold-BS4-Pricing-Table-Style-55-1.css]
[odysseyselfbot.xyz/assets/css/Bold-BS4-Pricing-Table-Style-55-2.css]
[odysseyselfbot.xyz/assets/css/Bold-BS4-Pricing-Table-Style-55-3.css]
[odysseyselfbot.xyz/assets/css/Bold-BS4-Pricing-Table-Style-55.css]
[odysseyselfbot.xyz/assets/css/footer.css]
[cdn.sellix.io/static/css/embed.css]
[cdnjs.cloudflare.com/ajax/libs/aos/2.3.4/aos.css]
[cdnjs.cloudflare.com/ajax/libs/magnific-popup.js/1.1.0/magnific-popup.min.css]
[odysseyselfbot.xyz/assets/css/ml-video-1.css]
[odysseyselfbot.xyz/assets/css/ml-video.css]
[odysseyselfbot.xyz/assets/css/sellix-embed.css]
[odysseyselfbot.xyz/cdn-cgi/l/email-protection.html]
[odysseyselfbot.xyz/assets/fonts/fa-brands-400.svg]
[odysseyselfbot.xyz/assets/fonts/fa-regular-400.svg]
[odysseyselfbot.xyz/assets/fonts/fa-solid-900.svg]
[odysseyselfbot.xyz/assets/fonts/fontawesome-webfont3e6e.svg]
[odysseyselfbot.xyz/assets/fonts/fontawesome-webfont3e6e.svg]
